// Jest Snapshot v1, https://goo.gl/fbAQLP

exports[`SubjectToBeTested renders correctly 1`] = `
<div
  id="block"
>
  <h1>
    test
  </h1>
  <h2>
    Count is 
    42
  </h2>
  <div>
    <p>
      test
    </p>
  </div>
  <button
    onClick={[Function]}
  >
    +1
  </button>
  <button
    onClick={[Function]}
  >
    -1
  </button>
</div>
`;
